// Jest Snapshot v1, https://goo.gl/fbAQLP

exports[`<StringsList /> should render and match the snapshot 1`] = `null`;
